<BATCH NUMB="322025" DATE="24/07/25" NBDOC=0 NBPB=0 TYPE="NORMAL" IDX="BACON" MEP="R" BARCOD="NONE">
<DOC NOM="WO 2025162428A1" PROV= VER= FORMAT=TIFF NP=1 NBP=270 DATE="24/07/25 14:12:19" DOCID="WO 2025162428A1" CC="WO" PN="2025162428" KC="A1" WCC="" WPN="" WKC="" DOCC="" DATER="" RANG=1 NBESSAIS=1 ETAT_BARCODE="OK" BARCODE="">
<DP N=1 IMA=000001.tif BD=1 AB=0 DE=0 CL=0 DR=0 SR=0 AM=0 BP=1 RC=0>
<DP N=2 IMA=000002.tif BD=0 AB=0 DE=1 CL=0 DR=0 SR=0 AM=0 BP=1 RC=0>
<DP N=3 IMA=000003.tif BD=0 AB=0 DE=1 CL=0 DR=0 SR=0 AM=0 BP=0 RC=0>
<DP N=4 IMA=000004.tif BD=0 AB=0 DE=1 CL=0 DR=0 SR=0 AM=0 BP=0 RC=0>
<DP N=5 IMA=000005.tif BD=0 AB=0 DE=1 CL=0 DR=0 SR=0 AM=0 BP=0 RC=0>
<DP N=6 IMA=000006.tif BD=0 AB=0 DE=1 CL=0 DR=0 SR=0 AM=0 BP=0 RC=0>
<DP N=7 IMA=000007.tif BD=0 AB=0 DE=1 CL=0 DR=0 SR=0 AM=0 BP=0 RC=0>
<DP N=8 IMA=000008.tif BD=0 AB=0 DE=1 CL=0 DR=0 SR=0 AM=0 BP=0 RC=0>
<DP N=9 IMA=000009.tif BD=0 AB=0 DE=1 CL=0 DR=0 SR=0 AM=0 BP=0 RC=0>
<DP N=10 IMA=000010.tif BD=0 AB=0 DE=1 CL=0 DR=0 SR=0 AM=0 BP=0 RC=0>
<DP N=11 IMA=000011.tif BD=0 AB=0 DE=1 CL=0 DR=0 SR=0 AM=0 BP=0 RC=0>
<DP N=12 IMA=000012.tif BD=0 AB=0 DE=1 CL=0 DR=0 SR=0 AM=0 BP=0 RC=0>
<DP N=13 IMA=000013.tif BD=0 AB=0 DE=1 CL=0 DR=0 SR=0 AM=0 BP=0 RC=0>
<DP N=14 IMA=000014.tif BD=0 AB=0 DE=1 CL=0 DR=0 SR=0 AM=0 BP=0 RC=0>
<DP N=15 IMA=000015.tif BD=0 AB=0 DE=1 CL=0 DR=0 SR=0 AM=0 BP=0 RC=0>
<DP N=16 IMA=000016.tif BD=0 AB=0 DE=1 CL=0 DR=0 SR=0 AM=0 BP=0 RC=0>
<DP N=17 IMA=000017.tif BD=0 AB=0 DE=1 CL=0 DR=0 SR=0 AM=0 BP=0 RC=0>
<DP N=18 IMA=000018.tif BD=0 AB=0 DE=1 CL=0 DR=0 SR=0 AM=0 BP=0 RC=0>
<DP N=19 IMA=000019.tif BD=0 AB=0 DE=1 CL=0 DR=0 SR=0 AM=0 BP=0 RC=0>
<DP N=20 IMA=000020.tif BD=0 AB=0 DE=1 CL=0 DR=0 SR=0 AM=0 BP=0 RC=0>
<DP N=21 IMA=000021.tif BD=0 AB=0 DE=1 CL=0 DR=0 SR=0 AM=0 BP=0 RC=0>
<DP N=22 IMA=000022.tif BD=0 AB=0 DE=1 CL=0 DR=0 SR=0 AM=0 BP=0 RC=0>
<DP N=23 IMA=000023.tif BD=0 AB=0 DE=1 CL=0 DR=0 SR=0 AM=0 BP=0 RC=0>
<DP N=24 IMA=000024.tif BD=0 AB=0 DE=1 CL=0 DR=0 SR=0 AM=0 BP=0 RC=0>
<DP N=25 IMA=000025.tif BD=0 AB=0 DE=1 CL=0 DR=0 SR=0 AM=0 BP=0 RC=0>
<DP N=26 IMA=000026.tif BD=0 AB=0 DE=1 CL=0 DR=0 SR=0 AM=0 BP=0 RC=0>
<DP N=27 IMA=000027.tif BD=0 AB=0 DE=1 CL=0 DR=0 SR=0 AM=0 BP=0 RC=0>
<DP N=28 IMA=000028.tif BD=0 AB=0 DE=1 CL=0 DR=0 SR=0 AM=0 BP=0 RC=0>
<DP N=29 IMA=000029.tif BD=0 AB=0 DE=1 CL=0 DR=0 SR=0 AM=0 BP=0 RC=0>
<DP N=30 IMA=000030.tif BD=0 AB=0 DE=1 CL=0 DR=0 SR=0 AM=0 BP=0 RC=0>
<DP N=31 IMA=000031.tif BD=0 AB=0 DE=1 CL=0 DR=0 SR=0 AM=0 BP=0 RC=0>
<DP N=32 IMA=000032.tif BD=0 AB=0 DE=1 CL=0 DR=0 SR=0 AM=0 BP=0 RC=0>
<DP N=33 IMA=000033.tif BD=0 AB=0 DE=1 CL=0 DR=0 SR=0 AM=0 BP=0 RC=0>
<DP N=34 IMA=000034.tif BD=0 AB=0 DE=1 CL=0 DR=0 SR=0 AM=0 BP=0 RC=0>
<DP N=35 IMA=000035.tif BD=0 AB=0 DE=1 CL=0 DR=0 SR=0 AM=0 BP=0 RC=0>
<DP N=36 IMA=000036.tif BD=0 AB=0 DE=1 CL=0 DR=0 SR=0 AM=0 BP=0 RC=0>
<DP N=37 IMA=000037.tif BD=0 AB=0 DE=1 CL=0 DR=0 SR=0 AM=0 BP=0 RC=0>
<DP N=38 IMA=000038.tif BD=0 AB=0 DE=1 CL=0 DR=0 SR=0 AM=0 BP=0 RC=0>
<DP N=39 IMA=000039.tif BD=0 AB=0 DE=1 CL=0 DR=0 SR=0 AM=0 BP=0 RC=0>
<DP N=40 IMA=000040.tif BD=0 AB=0 DE=1 CL=0 DR=0 SR=0 AM=0 BP=0 RC=0>
<DP N=41 IMA=000041.tif BD=0 AB=0 DE=1 CL=0 DR=0 SR=0 AM=0 BP=0 RC=0>
<DP N=42 IMA=000042.tif BD=0 AB=0 DE=1 CL=0 DR=0 SR=0 AM=0 BP=0 RC=0>
<DP N=43 IMA=000043.tif BD=0 AB=0 DE=1 CL=0 DR=0 SR=0 AM=0 BP=0 RC=0>
<DP N=44 IMA=000044.tif BD=0 AB=0 DE=1 CL=0 DR=0 SR=0 AM=0 BP=0 RC=0>
<DP N=45 IMA=000045.tif BD=0 AB=0 DE=1 CL=0 DR=0 SR=0 AM=0 BP=0 RC=0>
<DP N=46 IMA=000046.tif BD=0 AB=0 DE=1 CL=0 DR=0 SR=0 AM=0 BP=0 RC=0>
<DP N=47 IMA=000047.tif BD=0 AB=0 DE=1 CL=0 DR=0 SR=0 AM=0 BP=0 RC=0>
<DP N=48 IMA=000048.tif BD=0 AB=0 DE=1 CL=0 DR=0 SR=0 AM=0 BP=0 RC=0>
<DP N=49 IMA=000049.tif BD=0 AB=0 DE=1 CL=0 DR=0 SR=0 AM=0 BP=0 RC=0>
<DP N=50 IMA=000050.tif BD=0 AB=0 DE=1 CL=0 DR=0 SR=0 AM=0 BP=0 RC=0>
<DP N=51 IMA=000051.tif BD=0 AB=0 DE=1 CL=0 DR=0 SR=0 AM=0 BP=0 RC=0>
<DP N=52 IMA=000052.tif BD=0 AB=0 DE=1 CL=0 DR=0 SR=0 AM=0 BP=0 RC=0>
<DP N=53 IMA=000053.tif BD=0 AB=0 DE=1 CL=0 DR=0 SR=0 AM=0 BP=0 RC=0>
<DP N=54 IMA=000054.tif BD=0 AB=0 DE=1 CL=0 DR=0 SR=0 AM=0 BP=0 RC=0>
<DP N=55 IMA=000055.tif BD=0 AB=0 DE=1 CL=0 DR=0 SR=0 AM=0 BP=0 RC=0>
<DP N=56 IMA=000056.tif BD=0 AB=0 DE=1 CL=0 DR=0 SR=0 AM=0 BP=0 RC=0>
<DP N=57 IMA=000057.tif BD=0 AB=0 DE=1 CL=0 DR=0 SR=0 AM=0 BP=0 RC=0>
<DP N=58 IMA=000058.tif BD=0 AB=0 DE=1 CL=0 DR=0 SR=0 AM=0 BP=0 RC=0>
<DP N=59 IMA=000059.tif BD=0 AB=0 DE=1 CL=0 DR=0 SR=0 AM=0 BP=0 RC=0>
<DP N=60 IMA=000060.tif BD=0 AB=0 DE=1 CL=0 DR=0 SR=0 AM=0 BP=0 RC=0>
<DP N=61 IMA=000061.tif BD=0 AB=0 DE=1 CL=0 DR=0 SR=0 AM=0 BP=0 RC=0>
<DP N=62 IMA=000062.tif BD=0 AB=0 DE=1 CL=0 DR=0 SR=0 AM=0 BP=0 RC=0>
<DP N=63 IMA=000063.tif BD=0 AB=0 DE=1 CL=0 DR=0 SR=0 AM=0 BP=0 RC=0>
<DP N=64 IMA=000064.tif BD=0 AB=0 DE=1 CL=0 DR=0 SR=0 AM=0 BP=0 RC=0>
<DP N=65 IMA=000065.tif BD=0 AB=0 DE=1 CL=0 DR=0 SR=0 AM=0 BP=0 RC=0>
<DP N=66 IMA=000066.tif BD=0 AB=0 DE=1 CL=0 DR=0 SR=0 AM=0 BP=0 RC=0>
<DP N=67 IMA=000067.tif BD=0 AB=0 DE=1 CL=0 DR=0 SR=0 AM=0 BP=0 RC=0>
<DP N=68 IMA=000068.tif BD=0 AB=0 DE=1 CL=0 DR=0 SR=0 AM=0 BP=0 RC=0>
<DP N=69 IMA=000069.tif BD=0 AB=0 DE=1 CL=0 DR=0 SR=0 AM=0 BP=0 RC=0>
<DP N=70 IMA=000070.tif BD=0 AB=0 DE=1 CL=0 DR=0 SR=0 AM=0 BP=0 RC=0>
<DP N=71 IMA=000071.tif BD=0 AB=0 DE=1 CL=0 DR=0 SR=0 AM=0 BP=0 RC=0>
<DP N=72 IMA=000072.tif BD=0 AB=0 DE=1 CL=0 DR=0 SR=0 AM=0 BP=0 RC=0>
<DP N=73 IMA=000073.tif BD=0 AB=0 DE=1 CL=0 DR=0 SR=0 AM=0 BP=0 RC=0>
<DP N=74 IMA=000074.tif BD=0 AB=0 DE=1 CL=0 DR=0 SR=0 AM=0 BP=0 RC=0>
<DP N=75 IMA=000075.tif BD=0 AB=0 DE=1 CL=0 DR=0 SR=0 AM=0 BP=0 RC=0>
<DP N=76 IMA=000076.tif BD=0 AB=0 DE=1 CL=0 DR=0 SR=0 AM=0 BP=0 RC=0>
<DP N=77 IMA=000077.tif BD=0 AB=0 DE=1 CL=0 DR=0 SR=0 AM=0 BP=0 RC=0>
<DP N=78 IMA=000078.tif BD=0 AB=0 DE=1 CL=0 DR=0 SR=0 AM=0 BP=0 RC=0>
<DP N=79 IMA=000079.tif BD=0 AB=0 DE=1 CL=0 DR=0 SR=0 AM=0 BP=0 RC=0>
<DP N=80 IMA=000080.tif BD=0 AB=0 DE=1 CL=0 DR=0 SR=0 AM=0 BP=0 RC=0>
<DP N=81 IMA=000081.tif BD=0 AB=0 DE=1 CL=0 DR=0 SR=0 AM=0 BP=0 RC=0>
<DP N=82 IMA=000082.tif BD=0 AB=0 DE=1 CL=0 DR=0 SR=0 AM=0 BP=0 RC=0>
<DP N=83 IMA=000083.tif BD=0 AB=0 DE=1 CL=0 DR=0 SR=0 AM=0 BP=0 RC=0>
<DP N=84 IMA=000084.tif BD=0 AB=0 DE=1 CL=0 DR=0 SR=0 AM=0 BP=0 RC=0>
<DP N=85 IMA=000085.tif BD=0 AB=0 DE=1 CL=0 DR=0 SR=0 AM=0 BP=0 RC=0>
<DP N=86 IMA=000086.tif BD=0 AB=0 DE=1 CL=0 DR=0 SR=0 AM=0 BP=0 RC=0>
<DP N=87 IMA=000087.tif BD=0 AB=0 DE=1 CL=0 DR=0 SR=0 AM=0 BP=0 RC=0>
<DP N=88 IMA=000088.tif BD=0 AB=0 DE=1 CL=0 DR=0 SR=0 AM=0 BP=0 RC=0>
<DP N=89 IMA=000089.tif BD=0 AB=0 DE=1 CL=0 DR=0 SR=0 AM=0 BP=0 RC=0>
<DP N=90 IMA=000090.tif BD=0 AB=0 DE=1 CL=0 DR=0 SR=0 AM=0 BP=0 RC=0>
<DP N=91 IMA=000091.tif BD=0 AB=0 DE=1 CL=0 DR=0 SR=0 AM=0 BP=0 RC=0>
<DP N=92 IMA=000092.tif BD=0 AB=0 DE=1 CL=0 DR=0 SR=0 AM=0 BP=0 RC=0>
<DP N=93 IMA=000093.tif BD=0 AB=0 DE=1 CL=0 DR=0 SR=0 AM=0 BP=0 RC=0>
<DP N=94 IMA=000094.tif BD=0 AB=0 DE=1 CL=0 DR=0 SR=0 AM=0 BP=0 RC=0>
<DP N=95 IMA=000095.tif BD=0 AB=0 DE=1 CL=0 DR=0 SR=0 AM=0 BP=0 RC=0>
<DP N=96 IMA=000096.tif BD=0 AB=0 DE=1 CL=0 DR=0 SR=0 AM=0 BP=0 RC=0>
<DP N=97 IMA=000097.tif BD=0 AB=0 DE=1 CL=0 DR=0 SR=0 AM=0 BP=0 RC=0>
<DP N=98 IMA=000098.tif BD=0 AB=0 DE=1 CL=0 DR=0 SR=0 AM=0 BP=0 RC=0>
<DP N=99 IMA=000099.tif BD=0 AB=0 DE=1 CL=0 DR=0 SR=0 AM=0 BP=0 RC=0>
<DP N=100 IMA=000100.tif BD=0 AB=0 DE=1 CL=0 DR=0 SR=0 AM=0 BP=0 RC=0>
<DP N=101 IMA=000101.tif BD=0 AB=0 DE=1 CL=0 DR=0 SR=0 AM=0 BP=0 RC=0>
<DP N=102 IMA=000102.tif BD=0 AB=0 DE=1 CL=0 DR=0 SR=0 AM=0 BP=0 RC=0>
<DP N=103 IMA=000103.tif BD=0 AB=0 DE=1 CL=0 DR=0 SR=0 AM=0 BP=0 RC=0>
<DP N=104 IMA=000104.tif BD=0 AB=0 DE=1 CL=0 DR=0 SR=0 AM=0 BP=0 RC=0>
<DP N=105 IMA=000105.tif BD=0 AB=0 DE=1 CL=0 DR=0 SR=0 AM=0 BP=0 RC=0>
<DP N=106 IMA=000106.tif BD=0 AB=0 DE=1 CL=0 DR=0 SR=0 AM=0 BP=0 RC=0>
<DP N=107 IMA=000107.tif BD=0 AB=0 DE=1 CL=0 DR=0 SR=0 AM=0 BP=0 RC=0>
<DP N=108 IMA=000108.tif BD=0 AB=0 DE=1 CL=0 DR=0 SR=0 AM=0 BP=0 RC=0>
<DP N=109 IMA=000109.tif BD=0 AB=0 DE=1 CL=0 DR=0 SR=0 AM=0 BP=0 RC=0>
<DP N=110 IMA=000110.tif BD=0 AB=0 DE=1 CL=0 DR=0 SR=0 AM=0 BP=0 RC=0>
<DP N=111 IMA=000111.tif BD=0 AB=0 DE=1 CL=0 DR=0 SR=0 AM=0 BP=0 RC=0>
<DP N=112 IMA=000112.tif BD=0 AB=0 DE=1 CL=0 DR=0 SR=0 AM=0 BP=0 RC=0>
<DP N=113 IMA=000113.tif BD=0 AB=0 DE=1 CL=0 DR=0 SR=0 AM=0 BP=0 RC=0>
<DP N=114 IMA=000114.tif BD=0 AB=0 DE=1 CL=0 DR=0 SR=0 AM=0 BP=0 RC=0>
<DP N=115 IMA=000115.tif BD=0 AB=0 DE=1 CL=0 DR=0 SR=0 AM=0 BP=0 RC=0>
<DP N=116 IMA=000116.tif BD=0 AB=0 DE=1 CL=0 DR=0 SR=0 AM=0 BP=0 RC=0>
<DP N=117 IMA=000117.tif BD=0 AB=0 DE=1 CL=0 DR=0 SR=0 AM=0 BP=0 RC=0>
<DP N=118 IMA=000118.tif BD=0 AB=0 DE=1 CL=0 DR=0 SR=0 AM=0 BP=0 RC=0>
<DP N=119 IMA=000119.tif BD=0 AB=0 DE=1 CL=0 DR=0 SR=0 AM=0 BP=0 RC=0>
<DP N=120 IMA=000120.tif BD=0 AB=0 DE=1 CL=0 DR=0 SR=0 AM=0 BP=0 RC=0>
<DP N=121 IMA=000121.tif BD=0 AB=0 DE=1 CL=0 DR=0 SR=0 AM=0 BP=0 RC=0>
<DP N=122 IMA=000122.tif BD=0 AB=0 DE=1 CL=0 DR=0 SR=0 AM=0 BP=0 RC=0>
<DP N=123 IMA=000123.tif BD=0 AB=0 DE=1 CL=0 DR=0 SR=0 AM=0 BP=0 RC=0>
<DP N=124 IMA=000124.tif BD=0 AB=0 DE=1 CL=0 DR=0 SR=0 AM=0 BP=0 RC=0>
<DP N=125 IMA=000125.tif BD=0 AB=0 DE=1 CL=0 DR=0 SR=0 AM=0 BP=0 RC=0>
<DP N=126 IMA=000126.tif BD=0 AB=0 DE=1 CL=0 DR=0 SR=0 AM=0 BP=0 RC=0>
<DP N=127 IMA=000127.tif BD=0 AB=0 DE=1 CL=0 DR=0 SR=0 AM=0 BP=0 RC=0>
<DP N=128 IMA=000128.tif BD=0 AB=0 DE=1 CL=0 DR=0 SR=0 AM=0 BP=0 RC=0>
<DP N=129 IMA=000129.tif BD=0 AB=0 DE=1 CL=0 DR=0 SR=0 AM=0 BP=0 RC=0>
<DP N=130 IMA=000130.tif BD=0 AB=0 DE=1 CL=0 DR=0 SR=0 AM=0 BP=0 RC=0>
<DP N=131 IMA=000131.tif BD=0 AB=0 DE=1 CL=0 DR=0 SR=0 AM=0 BP=0 RC=0>
<DP N=132 IMA=000132.tif BD=0 AB=0 DE=1 CL=0 DR=0 SR=0 AM=0 BP=0 RC=0>
<DP N=133 IMA=000133.tif BD=0 AB=0 DE=1 CL=0 DR=0 SR=0 AM=0 BP=0 RC=0>
<DP N=134 IMA=000134.tif BD=0 AB=0 DE=1 CL=0 DR=0 SR=0 AM=0 BP=0 RC=0>
<DP N=135 IMA=000135.tif BD=0 AB=0 DE=1 CL=0 DR=0 SR=0 AM=0 BP=0 RC=0>
<DP N=136 IMA=000136.tif BD=0 AB=0 DE=1 CL=0 DR=0 SR=0 AM=0 BP=0 RC=0>
<DP N=137 IMA=000137.tif BD=0 AB=0 DE=1 CL=0 DR=0 SR=0 AM=0 BP=0 RC=0>
<DP N=138 IMA=000138.tif BD=0 AB=0 DE=1 CL=0 DR=0 SR=0 AM=0 BP=0 RC=0>
<DP N=139 IMA=000139.tif BD=0 AB=0 DE=1 CL=0 DR=0 SR=0 AM=0 BP=0 RC=0>
<DP N=140 IMA=000140.tif BD=0 AB=0 DE=1 CL=0 DR=0 SR=0 AM=0 BP=0 RC=0>
<DP N=141 IMA=000141.tif BD=0 AB=0 DE=1 CL=0 DR=0 SR=0 AM=0 BP=0 RC=0>
<DP N=142 IMA=000142.tif BD=0 AB=0 DE=1 CL=0 DR=0 SR=0 AM=0 BP=0 RC=0>
<DP N=143 IMA=000143.tif BD=0 AB=0 DE=1 CL=0 DR=0 SR=0 AM=0 BP=0 RC=0>
<DP N=144 IMA=000144.tif BD=0 AB=0 DE=1 CL=0 DR=0 SR=0 AM=0 BP=0 RC=0>
<DP N=145 IMA=000145.tif BD=0 AB=0 DE=1 CL=0 DR=0 SR=0 AM=0 BP=0 RC=0>
<DP N=146 IMA=000146.tif BD=0 AB=0 DE=1 CL=0 DR=0 SR=0 AM=0 BP=0 RC=0>
<DP N=147 IMA=000147.tif BD=0 AB=0 DE=1 CL=0 DR=0 SR=0 AM=0 BP=0 RC=0>
<DP N=148 IMA=000148.tif BD=0 AB=0 DE=1 CL=0 DR=0 SR=0 AM=0 BP=0 RC=0>
<DP N=149 IMA=000149.tif BD=0 AB=0 DE=1 CL=0 DR=0 SR=0 AM=0 BP=0 RC=0>
<DP N=150 IMA=000150.tif BD=0 AB=0 DE=1 CL=0 DR=0 SR=0 AM=0 BP=0 RC=0>
<DP N=151 IMA=000151.tif BD=0 AB=0 DE=1 CL=0 DR=0 SR=0 AM=0 BP=0 RC=0>
<DP N=152 IMA=000152.tif BD=0 AB=0 DE=1 CL=0 DR=0 SR=0 AM=0 BP=0 RC=0>
<DP N=153 IMA=000153.tif BD=0 AB=0 DE=1 CL=0 DR=0 SR=0 AM=0 BP=0 RC=0>
<DP N=154 IMA=000154.tif BD=0 AB=0 DE=1 CL=0 DR=0 SR=0 AM=0 BP=0 RC=0>
<DP N=155 IMA=000155.tif BD=0 AB=0 DE=1 CL=0 DR=0 SR=0 AM=0 BP=0 RC=0>
<DP N=156 IMA=000156.tif BD=0 AB=0 DE=1 CL=0 DR=0 SR=0 AM=0 BP=0 RC=0>
<DP N=157 IMA=000157.tif BD=0 AB=0 DE=1 CL=0 DR=0 SR=0 AM=0 BP=0 RC=0>
<DP N=158 IMA=000158.tif BD=0 AB=0 DE=1 CL=0 DR=0 SR=0 AM=0 BP=0 RC=0>
<DP N=159 IMA=000159.tif BD=0 AB=0 DE=1 CL=0 DR=0 SR=0 AM=0 BP=0 RC=0>
<DP N=160 IMA=000160.tif BD=0 AB=0 DE=1 CL=0 DR=0 SR=0 AM=0 BP=0 RC=0>
<DP N=161 IMA=000161.tif BD=0 AB=0 DE=1 CL=0 DR=0 SR=0 AM=0 BP=0 RC=0>
<DP N=162 IMA=000162.tif BD=0 AB=0 DE=1 CL=0 DR=0 SR=0 AM=0 BP=0 RC=0>
<DP N=163 IMA=000163.tif BD=0 AB=0 DE=1 CL=0 DR=0 SR=0 AM=0 BP=0 RC=0>
<DP N=164 IMA=000164.tif BD=0 AB=0 DE=1 CL=0 DR=0 SR=0 AM=0 BP=0 RC=0>
<DP N=165 IMA=000165.tif BD=0 AB=0 DE=1 CL=0 DR=0 SR=0 AM=0 BP=0 RC=0>
<DP N=166 IMA=000166.tif BD=0 AB=0 DE=1 CL=0 DR=0 SR=0 AM=0 BP=0 RC=0>
<DP N=167 IMA=000167.tif BD=0 AB=0 DE=1 CL=0 DR=0 SR=0 AM=0 BP=0 RC=0>
<DP N=168 IMA=000168.tif BD=0 AB=0 DE=1 CL=0 DR=0 SR=0 AM=0 BP=0 RC=0>
<DP N=169 IMA=000169.tif BD=0 AB=0 DE=1 CL=0 DR=0 SR=0 AM=0 BP=0 RC=0>
<DP N=170 IMA=000170.tif BD=0 AB=0 DE=1 CL=0 DR=0 SR=0 AM=0 BP=0 RC=0>
<DP N=171 IMA=000171.tif BD=0 AB=0 DE=1 CL=0 DR=0 SR=0 AM=0 BP=0 RC=0>
<DP N=172 IMA=000172.tif BD=0 AB=0 DE=1 CL=0 DR=0 SR=0 AM=0 BP=0 RC=0>
<DP N=173 IMA=000173.tif BD=0 AB=0 DE=1 CL=0 DR=0 SR=0 AM=0 BP=0 RC=0>
<DP N=174 IMA=000174.tif BD=0 AB=0 DE=1 CL=0 DR=0 SR=0 AM=0 BP=0 RC=0>
<DP N=175 IMA=000175.tif BD=0 AB=0 DE=1 CL=0 DR=0 SR=0 AM=0 BP=0 RC=0>
<DP N=176 IMA=000176.tif BD=0 AB=0 DE=1 CL=0 DR=0 SR=0 AM=0 BP=0 RC=0>
<DP N=177 IMA=000177.tif BD=0 AB=0 DE=1 CL=0 DR=0 SR=0 AM=0 BP=0 RC=0>
<DP N=178 IMA=000178.tif BD=0 AB=0 DE=1 CL=0 DR=0 SR=0 AM=0 BP=0 RC=0>
<DP N=179 IMA=000179.tif BD=0 AB=0 DE=1 CL=0 DR=0 SR=0 AM=0 BP=0 RC=0>
<DP N=180 IMA=000180.tif BD=0 AB=0 DE=1 CL=0 DR=0 SR=0 AM=0 BP=0 RC=0>
<DP N=181 IMA=000181.tif BD=0 AB=0 DE=1 CL=0 DR=0 SR=0 AM=0 BP=0 RC=0>
<DP N=182 IMA=000182.tif BD=0 AB=0 DE=1 CL=0 DR=0 SR=0 AM=0 BP=0 RC=0>
<DP N=183 IMA=000183.tif BD=0 AB=0 DE=1 CL=0 DR=0 SR=0 AM=0 BP=0 RC=0>
<DP N=184 IMA=000184.tif BD=0 AB=0 DE=1 CL=0 DR=0 SR=0 AM=0 BP=0 RC=0>
<DP N=185 IMA=000185.tif BD=0 AB=0 DE=1 CL=0 DR=0 SR=0 AM=0 BP=0 RC=0>
<DP N=186 IMA=000186.tif BD=0 AB=0 DE=1 CL=0 DR=0 SR=0 AM=0 BP=0 RC=0>
<DP N=187 IMA=000187.tif BD=0 AB=0 DE=1 CL=0 DR=0 SR=0 AM=0 BP=0 RC=0>
<DP N=188 IMA=000188.tif BD=0 AB=0 DE=1 CL=0 DR=0 SR=0 AM=0 BP=0 RC=0>
<DP N=189 IMA=000189.tif BD=0 AB=0 DE=1 CL=0 DR=0 SR=0 AM=0 BP=0 RC=0>
<DP N=190 IMA=000190.tif BD=0 AB=0 DE=1 CL=0 DR=0 SR=0 AM=0 BP=0 RC=0>
<DP N=191 IMA=000191.tif BD=0 AB=0 DE=1 CL=0 DR=0 SR=0 AM=0 BP=0 RC=0>
<DP N=192 IMA=000192.tif BD=0 AB=0 DE=1 CL=0 DR=0 SR=0 AM=0 BP=0 RC=0>
<DP N=193 IMA=000193.tif BD=0 AB=0 DE=1 CL=0 DR=0 SR=0 AM=0 BP=0 RC=0>
<DP N=194 IMA=000194.tif BD=0 AB=0 DE=1 CL=0 DR=0 SR=0 AM=0 BP=0 RC=0>
<DP N=195 IMA=000195.tif BD=0 AB=0 DE=1 CL=0 DR=0 SR=0 AM=0 BP=0 RC=0>
<DP N=196 IMA=000196.tif BD=0 AB=0 DE=1 CL=0 DR=0 SR=0 AM=0 BP=0 RC=0>
<DP N=197 IMA=000197.tif BD=0 AB=0 DE=1 CL=0 DR=0 SR=0 AM=0 BP=0 RC=0>
<DP N=198 IMA=000198.tif BD=0 AB=0 DE=1 CL=0 DR=0 SR=0 AM=0 BP=0 RC=0>
<DP N=199 IMA=000199.tif BD=0 AB=0 DE=1 CL=0 DR=0 SR=0 AM=0 BP=0 RC=0>
<DP N=200 IMA=000200.tif BD=0 AB=0 DE=1 CL=0 DR=0 SR=0 AM=0 BP=0 RC=0>
<DP N=201 IMA=000201.tif BD=0 AB=0 DE=1 CL=0 DR=0 SR=0 AM=0 BP=0 RC=0>
<DP N=202 IMA=000202.tif BD=0 AB=0 DE=1 CL=0 DR=0 SR=0 AM=0 BP=0 RC=0>
<DP N=203 IMA=000203.tif BD=0 AB=0 DE=1 CL=0 DR=0 SR=0 AM=0 BP=0 RC=0>
<DP N=204 IMA=000204.tif BD=0 AB=0 DE=1 CL=0 DR=0 SR=0 AM=0 BP=0 RC=0>
<DP N=205 IMA=000205.tif BD=0 AB=0 DE=1 CL=0 DR=0 SR=0 AM=0 BP=0 RC=0>
<DP N=206 IMA=000206.tif BD=0 AB=0 DE=1 CL=0 DR=0 SR=0 AM=0 BP=0 RC=0>
<DP N=207 IMA=000207.tif BD=0 AB=0 DE=1 CL=0 DR=0 SR=0 AM=0 BP=0 RC=0>
<DP N=208 IMA=000208.tif BD=0 AB=0 DE=1 CL=0 DR=0 SR=0 AM=0 BP=0 RC=0>
<DP N=209 IMA=000209.tif BD=0 AB=0 DE=1 CL=0 DR=0 SR=0 AM=0 BP=0 RC=0>
<DP N=210 IMA=000210.tif BD=0 AB=0 DE=1 CL=0 DR=0 SR=0 AM=0 BP=0 RC=0>
<DP N=211 IMA=000211.tif BD=0 AB=0 DE=1 CL=0 DR=0 SR=0 AM=0 BP=0 RC=0>
<DP N=212 IMA=000212.tif BD=0 AB=0 DE=1 CL=0 DR=0 SR=0 AM=0 BP=0 RC=0>
<DP N=213 IMA=000213.tif BD=0 AB=0 DE=1 CL=0 DR=0 SR=0 AM=0 BP=0 RC=0>
<DP N=214 IMA=000214.tif BD=0 AB=0 DE=1 CL=0 DR=0 SR=0 AM=0 BP=0 RC=0>
<DP N=215 IMA=000215.tif BD=0 AB=0 DE=1 CL=0 DR=0 SR=0 AM=0 BP=0 RC=0>
<DP N=216 IMA=000216.tif BD=0 AB=0 DE=1 CL=0 DR=0 SR=0 AM=0 BP=0 RC=0>
<DP N=217 IMA=000217.tif BD=0 AB=0 DE=1 CL=0 DR=0 SR=0 AM=0 BP=0 RC=0>
<DP N=218 IMA=000218.tif BD=0 AB=0 DE=1 CL=0 DR=0 SR=0 AM=0 BP=0 RC=0>
<DP N=219 IMA=000219.tif BD=0 AB=0 DE=1 CL=0 DR=0 SR=0 AM=0 BP=0 RC=0>
<DP N=220 IMA=000220.tif BD=0 AB=0 DE=1 CL=0 DR=0 SR=0 AM=0 BP=0 RC=0>
<DP N=221 IMA=000221.tif BD=0 AB=0 DE=1 CL=0 DR=0 SR=0 AM=0 BP=0 RC=0>
<DP N=222 IMA=000222.tif BD=0 AB=0 DE=1 CL=0 DR=0 SR=0 AM=0 BP=0 RC=0>
<DP N=223 IMA=000223.tif BD=0 AB=0 DE=1 CL=0 DR=0 SR=0 AM=0 BP=0 RC=0>
<DP N=224 IMA=000224.tif BD=0 AB=0 DE=1 CL=0 DR=0 SR=0 AM=0 BP=0 RC=0>
<DP N=225 IMA=000225.tif BD=0 AB=0 DE=1 CL=0 DR=0 SR=0 AM=0 BP=0 RC=0>
<DP N=226 IMA=000226.tif BD=0 AB=0 DE=1 CL=0 DR=0 SR=0 AM=0 BP=0 RC=0>
<DP N=227 IMA=000227.tif BD=0 AB=0 DE=1 CL=0 DR=0 SR=0 AM=0 BP=0 RC=0>
<DP N=228 IMA=000228.tif BD=0 AB=0 DE=1 CL=0 DR=0 SR=0 AM=0 BP=0 RC=0>
<DP N=229 IMA=000229.tif BD=0 AB=0 DE=1 CL=0 DR=0 SR=0 AM=0 BP=0 RC=0>
<DP N=230 IMA=000230.tif BD=0 AB=0 DE=1 CL=0 DR=0 SR=0 AM=0 BP=0 RC=0>
<DP N=231 IMA=000231.tif BD=0 AB=0 DE=1 CL=0 DR=0 SR=0 AM=0 BP=0 RC=0>
<DP N=232 IMA=000232.tif BD=0 AB=0 DE=1 CL=0 DR=0 SR=0 AM=0 BP=0 RC=0>
<DP N=233 IMA=000233.tif BD=0 AB=0 DE=1 CL=0 DR=0 SR=0 AM=0 BP=0 RC=0>
<DP N=234 IMA=000234.tif BD=0 AB=0 DE=1 CL=0 DR=0 SR=0 AM=0 BP=0 RC=0>
<DP N=235 IMA=000235.tif BD=0 AB=0 DE=1 CL=0 DR=0 SR=0 AM=0 BP=0 RC=0>
<DP N=236 IMA=000236.tif BD=0 AB=0 DE=1 CL=0 DR=0 SR=0 AM=0 BP=0 RC=0>
<DP N=237 IMA=000237.tif BD=0 AB=0 DE=1 CL=0 DR=0 SR=0 AM=0 BP=0 RC=0>
<DP N=238 IMA=000238.tif BD=0 AB=0 DE=1 CL=0 DR=0 SR=0 AM=0 BP=0 RC=0>
<DP N=239 IMA=000239.tif BD=0 AB=0 DE=1 CL=0 DR=0 SR=0 AM=0 BP=0 RC=0>
<DP N=240 IMA=000240.tif BD=0 AB=0 DE=1 CL=0 DR=0 SR=0 AM=0 BP=0 RC=0>
<DP N=241 IMA=000241.tif BD=0 AB=0 DE=1 CL=0 DR=0 SR=0 AM=0 BP=0 RC=0>
<DP N=242 IMA=000242.tif BD=0 AB=0 DE=1 CL=0 DR=0 SR=0 AM=0 BP=0 RC=0>
<DP N=243 IMA=000243.tif BD=0 AB=0 DE=1 CL=0 DR=0 SR=0 AM=0 BP=0 RC=0>
<DP N=244 IMA=000244.tif BD=0 AB=0 DE=1 CL=0 DR=0 SR=0 AM=0 BP=0 RC=0>
<DP N=245 IMA=000245.tif BD=0 AB=0 DE=1 CL=0 DR=0 SR=0 AM=0 BP=0 RC=0>
<DP N=246 IMA=000246.tif BD=0 AB=0 DE=1 CL=0 DR=0 SR=0 AM=0 BP=0 RC=0>
<DP N=247 IMA=000247.tif BD=0 AB=0 DE=0 CL=1 DR=0 SR=0 AM=0 BP=0 RC=0>
<DP N=248 IMA=000248.tif BD=0 AB=0 DE=0 CL=1 DR=0 SR=0 AM=0 BP=0 RC=0>
<DP N=249 IMA=000249.tif BD=0 AB=0 DE=0 CL=1 DR=0 SR=0 AM=0 BP=0 RC=0>
<DP N=250 IMA=000250.tif BD=0 AB=0 DE=0 CL=1 DR=0 SR=0 AM=0 BP=0 RC=0>
<DP N=251 IMA=000251.tif BD=0 AB=0 DE=0 CL=1 DR=0 SR=0 AM=0 BP=0 RC=0>
<DP N=252 IMA=000252.tif BD=0 AB=0 DE=0 CL=1 DR=0 SR=0 AM=0 BP=0 RC=0>
<DP N=253 IMA=000253.tif BD=0 AB=0 DE=0 CL=1 DR=0 SR=0 AM=0 BP=0 RC=0>
<DP N=254 IMA=000254.tif BD=0 AB=0 DE=0 CL=1 DR=0 SR=0 AM=0 BP=0 RC=0>
<DP N=255 IMA=000255.tif BD=0 AB=0 DE=0 CL=1 DR=0 SR=0 AM=0 BP=0 RC=0>
<DP N=256 IMA=000256.tif BD=0 AB=0 DE=0 CL=1 DR=0 SR=0 AM=0 BP=0 RC=0>
<DP N=257 IMA=000257.tif BD=0 AB=0 DE=0 CL=1 DR=0 SR=0 AM=0 BP=0 RC=0>
<DP N=258 IMA=000258.tif BD=0 AB=0 DE=0 CL=1 DR=0 SR=0 AM=0 BP=0 RC=0>
<DP N=259 IMA=000259.tif BD=0 AB=0 DE=0 CL=1 DR=0 SR=0 AM=0 BP=0 RC=0>
<DP N=260 IMA=000260.tif BD=0 AB=0 DE=0 CL=1 DR=0 SR=0 AM=0 BP=0 RC=0>
<DP N=261 IMA=000261.tif BD=0 AB=0 DE=0 CL=1 DR=0 SR=0 AM=0 BP=0 RC=0>
<DP N=262 IMA=000262.tif BD=0 AB=0 DE=0 CL=1 DR=0 SR=0 AM=0 BP=0 RC=0>
<DP N=263 IMA=000263.tif BD=0 AB=0 DE=0 CL=1 DR=0 SR=0 AM=0 BP=0 RC=0>
<DP N=264 IMA=000264.tif BD=0 AB=0 DE=0 CL=1 DR=0 SR=0 AM=0 BP=0 RC=0>
<DP N=265 IMA=000265.tif BD=0 AB=0 DE=0 CL=0 DR=0 SR=1 AM=0 BP=0 RC=0>
<DP N=266 IMA=000266.tif BD=0 AB=0 DE=0 CL=0 DR=0 SR=1 AM=0 BP=0 RC=0>
<DP N=267 IMA=000267.tif BD=0 AB=0 DE=0 CL=0 DR=0 SR=1 AM=0 BP=0 RC=0>
<DP N=268 IMA=000268.tif BD=0 AB=0 DE=0 CL=0 DR=0 SR=1 AM=0 BP=0 RC=0>
<DP N=269 IMA=000269.tif BD=0 AB=0 DE=0 CL=0 DR=0 SR=1 AM=0 BP=0 RC=0>
<DP N=270 IMA=000270.tif BD=0 AB=0 DE=0 CL=0 DR=0 SR=1 AM=0 BP=0 RC=0>
</DOC>
</BATCH>
